../Core/Inc/foodorder.h:11:6:FoodOrder_Init	24	static
../Core/Inc/screen.h:229:10:big	24	static
../Core/Inc/screen.h:236:6:sendCommand	24	static
../Core/Inc/screen.h:248:6:sendBlock	88	dynamic
../Core/Inc/screen.h:276:6:sendCharacter	48	static
../Core/Inc/screen.h:292:6:sendString	48	static
../Core/Inc/screen.h:301:6:initialize_screen	24	static
../Core/Inc/screen.h:351:6:drawButton	32	static
../Core/Inc/screen.h:361:6:drawAll	24	static
../Core/Inc/screen.h:377:6:flip	16	static
../Core/Inc/screen.h:382:6:draw	16	static
../Core/Inc/touch.h:7:6:writeRegister8	32	static
../Core/Inc/touch.h:15:9:readRegister8	32	static
../Core/Inc/touch.h:34:9:touched	16	static
../Core/Inc/touch.h:38:9:bufferEmpty	16	static
../Core/Inc/touch.h:42:6:readPosition	40	static
../Core/Inc/touch.h:58:10:map	32	static
../Core/Inc/touch.h:65:9:within	16	static
../Core/Inc/touch.h:70:8:touchHook	32	static
../Core/Inc/touch.h:94:6:initialize_touch	24	static
../Core/Src/main.c:85:6:openDoor	16	static
../Core/Src/main.c:89:6:readTinyCodeData	280	static
../Core/Src/main.c:130:6:HAL_TIM_PeriodElapsedCallback	16	static
../Core/Src/main.c:137:6:HAL_UART_RxCpltCallback	16	static
../Core/Src/main.c:164:6:setBox	32	static
../Core/Src/main.c:169:6:processReceivedData	32	static
../Core/Src/main.c:205:13:uartSend	16	static
../Core/Src/main.c:211:6:HAL_GPIO_EXTI_Callback	16	static
../Core/Src/main.c:222:5:main	16	static
../Core/Src/main.c:291:6:SystemClock_Config	96	static
../Core/Src/main.c:342:13:MX_I2C2_Init	8	static
../Core/Src/main.c:390:13:MX_LPUART1_UART_Init	8	static
../Core/Src/main.c:438:13:MX_USART3_UART_Init	8	static
../Core/Src/main.c:486:13:MX_SPI1_Init	8	static
../Core/Src/main.c:526:13:MX_TIM1_Init	40	static
../Core/Src/main.c:573:13:MX_GPIO_Init	64	static
../Core/Src/main.c:796:1:__io_putchar	16	static
../Core/Src/main.c:808:6:Error_Handler	4	static,ignoring_inline_asm
