../Core/Inc/foodorder.h:21:6:FoodOrder_Init	24	static
../Core/Inc/foodorder.h:29:5:FoodOrder_Equal	16	static
../Core/Inc/foodorder.h:37:5:FoodOrders_Equal	24	static
../Core/Inc/foodorder.h:44:6:FoodOrders_Copy	32	static
../Core/Inc/foodorder.h:50:5:FoodOrders_FindEmpty	48	static
../Core/Inc/foodorder.h:67:5:FoodOrder_FindIndex	24	static
../Core/Inc/screen.h:229:10:big	24	static
../Core/Inc/screen.h:236:6:sendCommand	24	static
../Core/Inc/screen.h:247:6:plasterPixel	40	static
../Core/Inc/screen.h:261:6:plasterCharacter	56	static
../Core/Inc/screen.h:276:6:plasterString	64	static
../Core/Inc/screen.h:286:6:sendButton	112	dynamic
../Core/Inc/screen.h:319:6:sendBlock	88	dynamic
../Core/Inc/screen.h:348:6:sendCharacter	48	static
../Core/Inc/screen.h:364:6:sendString	48	static
../Core/Inc/screen.h:373:6:initialize_screen	24	static
../Core/Inc/screen.h:423:6:drawButton	48	static
../Core/Inc/screen.h:436:6:drawAll	32	static
../Core/Inc/screen.h:453:6:flip	16	static
../Core/Inc/screen.h:458:6:draw	16	static
../Core/Inc/touch.h:7:6:writeRegister8	32	static
../Core/Inc/touch.h:15:9:readRegister8	32	static
../Core/Inc/touch.h:34:9:touched	16	static
../Core/Inc/touch.h:38:9:bufferEmpty	16	static
../Core/Inc/touch.h:42:6:readPosition	40	static
../Core/Inc/touch.h:58:10:map	32	static
../Core/Inc/touch.h:65:9:within	16	static
../Core/Inc/touch.h:70:8:touchHook	32	static
../Core/Inc/touch.h:94:6:initialize_touch	24	static
../Core/Inc/kioskUART.h:10:5:init_stream	24	static
../Core/Inc/kioskUART.h:29:6:close_locker	24	static
../Core/Inc/kioskUART.h:43:6:open_locker	24	static
../Core/Src/main.c:88:6:openDoor	24	static
../Core/Src/main.c:99:6:readTinyCodeData	280	static
../Core/Src/main.c:140:6:HAL_TIM_PeriodElapsedCallback	16	static
../Core/Src/main.c:147:6:HAL_UART_RxCpltCallback	16	static
../Core/Src/main.c:174:6:setBox	32	static
../Core/Src/main.c:179:6:deleteBox	40	static
../Core/Src/main.c:184:6:processReceivedData	32	static
../Core/Src/main.c:232:13:uartSend	16	static
../Core/Src/main.c:238:6:HAL_GPIO_EXTI_Callback	16	static
../Core/Src/main.c:249:5:main	72	static
../Core/Src/main.c:390:6:SystemClock_Config	96	static
../Core/Src/main.c:441:13:MX_I2C2_Init	8	static
../Core/Src/main.c:489:13:MX_LPUART1_UART_Init	8	static
../Core/Src/main.c:537:13:MX_USART2_UART_Init	8	static
../Core/Src/main.c:585:13:MX_USART3_UART_Init	8	static
../Core/Src/main.c:633:13:MX_SPI1_Init	8	static
../Core/Src/main.c:673:13:MX_TIM1_Init	40	static
../Core/Src/main.c:720:13:MX_GPIO_Init	64	static
../Core/Src/main.c:935:1:__io_putchar	16	static
../Core/Src/main.c:947:6:Error_Handler	4	static,ignoring_inline_asm
