../Core/Inc/foodorder.h:10:6:FoodOrder_Init	24	static
../Core/Src/main.c:77:6:readTinyCodeData	280	static
../Core/Src/main.c:110:6:HAL_TIM_PeriodElapsedCallback	16	static
../Core/Src/main.c:116:6:HAL_UART_RxCpltCallback	16	static
../Core/Src/main.c:123:6:processReceivedData	32	static
../Core/Src/main.c:149:13:uartSend	16	static
../Core/Src/main.c:159:5:main	16	static
../Core/Src/main.c:232:6:SystemClock_Config	96	static
../Core/Src/main.c:277:13:MX_I2C2_Init	8	static
../Core/Src/main.c:325:13:MX_LPUART1_UART_Init	8	static
../Core/Src/main.c:373:13:MX_USART3_UART_Init	8	static
../Core/Src/main.c:421:13:MX_TIM1_Init	40	static
../Core/Src/main.c:468:13:MX_GPIO_Init	64	static
../Core/Src/main.c:679:1:__io_putchar	16	static
../Core/Src/main.c:691:6:Error_Handler	4	static,ignoring_inline_asm
