../Core/Inc/foodorder.h:11:6:FoodOrder_Init	24	static
../Core/Src/main.c:80:6:openDoor	16	static
../Core/Src/main.c:84:6:readTinyCodeData	280	static
../Core/Src/main.c:125:6:HAL_TIM_PeriodElapsedCallback	16	static
../Core/Src/main.c:131:6:HAL_UART_RxCpltCallback	16	static
../Core/Src/main.c:138:6:processReceivedData	32	static
../Core/Src/main.c:174:13:uartSend	16	static
../Core/Src/main.c:184:5:main	16	static
../Core/Src/main.c:258:6:SystemClock_Config	96	static
../Core/Src/main.c:303:13:MX_I2C2_Init	8	static
../Core/Src/main.c:351:13:MX_LPUART1_UART_Init	8	static
../Core/Src/main.c:399:13:MX_USART3_UART_Init	8	static
../Core/Src/main.c:447:13:MX_TIM1_Init	40	static
../Core/Src/main.c:494:13:MX_GPIO_Init	64	static
../Core/Src/main.c:705:1:__io_putchar	16	static
../Core/Src/main.c:717:6:Error_Handler	4	static,ignoring_inline_asm
